User is login: John
User is login: koko
Order #11 edit user koko
Order #11 edit user koko
New user is sign in: Max
New user is sign in: test
New user is sign in: hj
New user is sign in: ddd
New user is sign in: mm
New user is sign in: Cefres
Order is created #12 user Cefres
User is login: jaroslavstrelkov
Arbeiter jaroslavstrelkov took order #12
Order #12 edit user jaroslavstrelkov
New user is sign in: kokok
New user is sign in: tetsik1
User is login: John
Order #12 edit user John
New user is sign in: Scally_Milano
Order is created #13 user Scally_Milano
Order #13 edit user Scally_Milano
Order is created #14 user Scally_Milano
Order is created #15 user Scally_Milano
User is login: ÄÅÂßÒÜÌÛØÅÉ
User is login: John
User is login: ÄÅÂßÒÜÌÛØÅÉ
Arbeiter ÄÅÂßÒÜÌÛØÅÉ took order #13
Arbeiter ÄÅÂßÒÜÌÛØÅÉ took order #14
Arbeiter ÄÅÂßÒÜÌÛØÅÉ took order #15
Arbeiter ÄÅÂßÒÜÌÛØÅÉ took order #11
Order #15 edit user ÄÅÂßÒÜÌÛØÅÉ
Order #14 edit user ÄÅÂßÒÜÌÛØÅÉ
Order #13 edit user ÄÅÂßÒÜÌÛØÅÉ
New user is sign in: RobertPlaudis
Order is created #16 user RobertPlaudis
New user is sign in: PLOHOYPAREN
Order is created #17 user PLOHOYPAREN
User is login: Oleg
Arbeiter Oleg took order #17
Order #17 edit user Oleg
Arbeiter Oleg took order #16
Order #16 edit user Oleg
User is login: jaroslavstrelkov
New user is sign in: MeganFox
Order is created #18 user MeganFox
User is login: jaroslavstrelkov
Arbeiter jaroslavstrelkov took order #18
Order #18 edit user jaroslavstrelkov
User is login: jaroslavstrelkov
Order #7 deleted user jaroslavstrelkov
Order #14 edit user jaroslavstrelkov
Order #14 edit user jaroslavstrelkov
